Archive member included to satisfy reference by file (symbol)

c:/st/stm32cubeide_1.12.1/stm32cubeide/plugins/com.st.stm32cube.ide.mcu.externaltools.gnu-tools-for-stm32.10.3-2021.10.win32_1.0.200.202301161003/tools/bin/../lib/gcc/arm-none-eabi/10.3.1/../../../../arm-none-eabi/lib/thumb/v7e-m+fp/hard\libc_nano.a(lib_a-errno.o)
                              ./Core/Src/syscalls.o (__errno)
c:/st/stm32cubeide_1.12.1/stm32cubeide/plugins/com.st.stm32cube.ide.mcu.externaltools.gnu-tools-for-stm32.10.3-2021.10.win32_1.0.200.202301161003/tools/bin/../lib/gcc/arm-none-eabi/10.3.1/../../../../arm-none-eabi/lib/thumb/v7e-m+fp/hard\libc_nano.a(lib_a-exit.o)
                              c:/st/stm32cubeide_1.12.1/stm32cubeide/plugins/com.st.stm32cube.ide.mcu.externaltools.gnu-tools-for-stm32.10.3-2021.10.win32_1.0.200.202301161003/tools/bin/../lib/gcc/arm-none-eabi/10.3.1/../../../../arm-none-eabi/lib/thumb/v7e-m+fp/hard/crt0.o (exit)
c:/st/stm32cubeide_1.12.1/stm32cubeide/plugins/com.st.stm32cube.ide.mcu.externaltools.gnu-tools-for-stm32.10.3-2021.10.win32_1.0.200.202301161003/tools/bin/../lib/gcc/arm-none-eabi/10.3.1/../../../../arm-none-eabi/lib/thumb/v7e-m+fp/hard\libc_nano.a(lib_a-impure.o)
                              c:/st/stm32cubeide_1.12.1/stm32cubeide/plugins/com.st.stm32cube.ide.mcu.externaltools.gnu-tools-for-stm32.10.3-2021.10.win32_1.0.200.202301161003/tools/bin/../lib/gcc/arm-none-eabi/10.3.1/../../../../arm-none-eabi/lib/thumb/v7e-m+fp/hard\libc_nano.a(lib_a-exit.o) (_global_impure_ptr)
c:/st/stm32cubeide_1.12.1/stm32cubeide/plugins/com.st.stm32cube.ide.mcu.externaltools.gnu-tools-for-stm32.10.3-2021.10.win32_1.0.200.202301161003/tools/bin/../lib/gcc/arm-none-eabi/10.3.1/../../../../arm-none-eabi/lib/thumb/v7e-m+fp/hard\libc_nano.a(lib_a-init.o)
                              c:/st/stm32cubeide_1.12.1/stm32cubeide/plugins/com.st.stm32cube.ide.mcu.externaltools.gnu-tools-for-stm32.10.3-2021.10.win32_1.0.200.202301161003/tools/bin/../lib/gcc/arm-none-eabi/10.3.1/../../../../arm-none-eabi/lib/thumb/v7e-m+fp/hard/crt0.o (__libc_init_array)
c:/st/stm32cubeide_1.12.1/stm32cubeide/plugins/com.st.stm32cube.ide.mcu.externaltools.gnu-tools-for-stm32.10.3-2021.10.win32_1.0.200.202301161003/tools/bin/../lib/gcc/arm-none-eabi/10.3.1/../../../../arm-none-eabi/lib/thumb/v7e-m+fp/hard\libc_nano.a(lib_a-memset.o)
                              c:/st/stm32cubeide_1.12.1/stm32cubeide/plugins/com.st.stm32cube.ide.mcu.externaltools.gnu-tools-for-stm32.10.3-2021.10.win32_1.0.200.202301161003/tools/bin/../lib/gcc/arm-none-eabi/10.3.1/../../../../arm-none-eabi/lib/thumb/v7e-m+fp/hard/crt0.o (memset)
c:/st/stm32cubeide_1.12.1/stm32cubeide/plugins/com.st.stm32cube.ide.mcu.externaltools.gnu-tools-for-stm32.10.3-2021.10.win32_1.0.200.202301161003/tools/bin/../lib/gcc/arm-none-eabi/10.3.1/../../../../arm-none-eabi/lib/thumb/v7e-m+fp/hard\libm.a(lib_a-s_round.o)
                              ./Core/Src/main.o (round)
c:/st/stm32cubeide_1.12.1/stm32cubeide/plugins/com.st.stm32cube.ide.mcu.externaltools.gnu-tools-for-stm32.10.3-2021.10.win32_1.0.200.202301161003/tools/bin/../lib/gcc/arm-none-eabi/10.3.1/thumb/v7e-m+fp/hard\libgcc.a(_arm_muldf3.o)
                              ./Core/Src/main.o (__aeabi_dmul)
c:/st/stm32cubeide_1.12.1/stm32cubeide/plugins/com.st.stm32cube.ide.mcu.externaltools.gnu-tools-for-stm32.10.3-2021.10.win32_1.0.200.202301161003/tools/bin/../lib/gcc/arm-none-eabi/10.3.1/thumb/v7e-m+fp/hard\libgcc.a(_arm_addsubdf3.o)
                              ./Core/Src/main.o (__aeabi_dsub)
c:/st/stm32cubeide_1.12.1/stm32cubeide/plugins/com.st.stm32cube.ide.mcu.externaltools.gnu-tools-for-stm32.10.3-2021.10.win32_1.0.200.202301161003/tools/bin/../lib/gcc/arm-none-eabi/10.3.1/thumb/v7e-m+fp/hard\libgcc.a(_arm_muldivdf3.o)
                              ./Core/Src/main.o (__aeabi_ddiv)
c:/st/stm32cubeide_1.12.1/stm32cubeide/plugins/com.st.stm32cube.ide.mcu.externaltools.gnu-tools-for-stm32.10.3-2021.10.win32_1.0.200.202301161003/tools/bin/../lib/gcc/arm-none-eabi/10.3.1/thumb/v7e-m+fp/hard\libgcc.a(_arm_truncdfsf2.o)
                              ./Core/Src/main.o (__aeabi_d2f)
c:/st/stm32cubeide_1.12.1/stm32cubeide/plugins/com.st.stm32cube.ide.mcu.externaltools.gnu-tools-for-stm32.10.3-2021.10.win32_1.0.200.202301161003/tools/bin/../lib/gcc/arm-none-eabi/10.3.1/thumb/v7e-m+fp/hard\libgcc.a(_aeabi_uldivmod.o)
                              ./Drivers/STM32F4xx_HAL_Driver/Src/stm32f4xx_hal_rcc.o (__aeabi_uldivmod)
c:/st/stm32cubeide_1.12.1/stm32cubeide/plugins/com.st.stm32cube.ide.mcu.externaltools.gnu-tools-for-stm32.10.3-2021.10.win32_1.0.200.202301161003/tools/bin/../lib/gcc/arm-none-eabi/10.3.1/thumb/v7e-m+fp/hard\libgcc.a(_udivmoddi4.o)
                              c:/st/stm32cubeide_1.12.1/stm32cubeide/plugins/com.st.stm32cube.ide.mcu.externaltools.gnu-tools-for-stm32.10.3-2021.10.win32_1.0.200.202301161003/tools/bin/../lib/gcc/arm-none-eabi/10.3.1/thumb/v7e-m+fp/hard\libgcc.a(_aeabi_uldivmod.o) (__udivmoddi4)
[...]
Memory Configuration

Name             Origin             Length             Attributes
RAM              0x0000000020000000 0x0000000000050000 xrw
FLASH            0x0000000008000000 0x0000000000100000 xr
*default*        0x0000000000000000 0xffffffffffffffff

Linker script and memory map

LOAD c:/st/stm32cubeide_1.12.1/stm32cubeide/plugins/com.st.stm32cube.ide.mcu.externaltools.gnu-tools-for-stm32.10.3-2021.10.win32_1.0.200.202301161003/tools/bin/../lib/gcc/arm-none-eabi/10.3.1/thumb/v7e-m+fp/hard/crti.o
LOAD c:/st/stm32cubeide_1.12.1/stm32cubeide/plugins/com.st.stm32cube.ide.mcu.externaltools.gnu-tools-for-stm32.10.3-2021.10.win32_1.0.200.202301161003/tools/bin/../lib/gcc/arm-none-eabi/10.3.1/thumb/v7e-m+fp/hard/crtbegin.o
LOAD c:/st/stm32cubeide_1.12.1/stm32cubeide/plugins/com.st.stm32cube.ide.mcu.externaltools.gnu-tools-for-stm32.10.3-2021.10.win32_1.0.200.202301161003/tools/bin/../lib/gcc/arm-none-eabi/10.3.1/../../../../arm-none-eabi/lib/thumb/v7e-m+fp/hard/crt0.o
LOAD ./Core/Src/main.o
LOAD ./Core/Src/stm32f4xx_hal_msp.o
LOAD ./Core/Src/stm32f4xx_it.o
LOAD ./Core/Src/syscalls.o
LOAD ./Core/Src/sysmem.o
LOAD ./Core/Src/system_stm32f4xx.o
LOAD ./Core/Startup/startup_stm32f413cgux.o
LOAD ./Drivers/STM32F4xx_HAL_Driver/Src/stm32f4xx_hal.o
LOAD ./Drivers/STM32F4xx_HAL_Driver/Src/stm32f4xx_hal_can.o
LOAD ./Drivers/STM32F4xx_HAL_Driver/Src/stm32f4xx_hal_cortex.o
LOAD ./Drivers/STM32F4xx_HAL_Driver/Src/stm32f4xx_hal_dma.o
LOAD ./Drivers/STM32F4xx_HAL_Driver/Src/stm32f4xx_hal_dma_ex.o
LOAD ./Drivers/STM32F4xx_HAL_Driver/Src/stm32f4xx_hal_exti.o
LOAD ./Drivers/STM32F4xx_HAL_Driver/Src/stm32f4xx_hal_flash.o
LOAD ./Drivers/STM32F4xx_HAL_Driver/Src/stm32f4xx_hal_flash_ex.o
LOAD ./Drivers/STM32F4xx_HAL_Driver/Src/stm32f4xx_hal_flash_ramfunc.o
LOAD ./Drivers/STM32F4xx_HAL_Driver/Src/stm32f4xx_hal_gpio.o
LOAD ./Drivers/STM32F4xx_HAL_Driver/Src/stm32f4xx_hal_pwr.o
LOAD ./Drivers/STM32F4xx_HAL_Driver/Src/stm32f4xx_hal_pwr_ex.o
LOAD ./Drivers/STM32F4xx_HAL_Driver/Src/stm32f4xx_hal_rcc.o
LOAD ./Drivers/STM32F4xx_HAL_Driver/Src/stm32f4xx_hal_rcc_ex.o
LOAD ./Drivers/STM32F4xx_HAL_Driver/Src/stm32f4xx_hal_spi.o
LOAD ./Drivers/STM32F4xx_HAL_Driver/Src/stm32f4xx_hal_tim.o
LOAD ./Drivers/STM32F4xx_HAL_Driver/Src/stm32f4xx_hal_tim_ex.o
START GROUP
LOAD c:/st/stm32cubeide_1.12.1/stm32cubeide/plugins/com.st.stm32cube.ide.mcu.externaltools.gnu-tools-for-stm32.10.3-2021.10.win32_1.0.200.202301161003/tools/bin/../lib/gcc/arm-none-eabi/10.3.1/../../../../arm-none-eabi/lib/thumb/v7e-m+fp/hard\libc_nano.a
LOAD c:/st/stm32cubeide_1.12.1/stm32cubeide/plugins/com.st.stm32cube.ide.mcu.externaltools.gnu-tools-for-stm32.10.3-2021.10.win32_1.0.200.202301161003/tools/bin/../lib/gcc/arm-none-eabi/10.3.1/../../../../arm-none-eabi/lib/thumb/v7e-m+fp/hard\libm.a
END GROUP
START GROUP
LOAD c:/st/stm32cubeide_1.12.1/stm32cubeide/plugins/com.st.stm32cube.ide.mcu.externaltools.gnu-tools-for-stm32.10.3-2021.10.win32_1.0.200.202301161003/tools/bin/../lib/gcc/arm-none-eabi/10.3.1/thumb/v7e-m+fp/hard\libgcc.a
LOAD c:/st/stm32cubeide_1.12.1/stm32cubeide/plugins/com.st.stm32cube.ide.mcu.externaltools.gnu-tools-for-stm32.10.3-2021.10.win32_1.0.200.202301161003/tools/bin/../lib/gcc/arm-none-eabi/10.3.1/../../../../arm-none-eabi/lib/thumb/v7e-m+fp/hard\libc_nano.a
END GROUP
START GROUP
LOAD c:/st/stm32cubeide_1.12.1/stm32cubeide/plugins/com.st.stm32cube.ide.mcu.externaltools.gnu-tools-for-stm32.10.3-2021.10.win32_1.0.200.202301161003/tools/bin/../lib/gcc/arm-none-eabi/10.3.1/thumb/v7e-m+fp/hard\libgcc.a
LOAD c:/st/stm32cubeide_1.12.1/stm32cubeide/plugins/com.st.stm32cube.ide.mcu.externaltools.gnu-tools-for-stm32.10.3-2021.10.win32_1.0.200.202301161003/tools/bin/../lib/gcc/arm-none-eabi/10.3.1/../../../../arm-none-eabi/lib/thumb/v7e-m+fp/hard\libc_nano.a
LOAD c:/st/stm32cubeide_1.12.1/stm32cubeide/plugins/com.st.stm32cube.ide.mcu.externaltools.gnu-tools-for-stm32.10.3-2021.10.win32_1.0.200.202301161003/tools/bin/../lib/gcc/arm-none-eabi/10.3.1/../../../../arm-none-eabi/lib/thumb/v7e-m+fp/hard\libnosys.a
END GROUP
START GROUP
LOAD c:/st/stm32cubeide_1.12.1/stm32cubeide/plugins/com.st.stm32cube.ide.mcu.externaltools.gnu-tools-for-stm32.10.3-2021.10.win32_1.0.200.202301161003/tools/bin/../lib/gcc/arm-none-eabi/10.3.1/thumb/v7e-m+fp/hard\libgcc.a
LOAD c:/st/stm32cubeide_1.12.1/stm32cubeide/plugins/com.st.stm32cube.ide.mcu.externaltools.gnu-tools-for-stm32.10.3-2021.10.win32_1.0.200.202301161003/tools/bin/../lib/gcc/arm-none-eabi/10.3.1/../../../../arm-none-eabi/lib/thumb/v7e-m+fp/hard\libc_nano.a
LOAD c:/st/stm32cubeide_1.12.1/stm32cubeide/plugins/com.st.stm32cube.ide.mcu.externaltools.gnu-tools-for-stm32.10.3-2021.10.win32_1.0.200.202301161003/tools/bin/../lib/gcc/arm-none-eabi/10.3.1/../../../../arm-none-eabi/lib/thumb/v7e-m+fp/hard\libnosys.a
END GROUP
LOAD c:/st/stm32cubeide_1.12.1/stm32cubeide/plugins/com.st.stm32cube.ide.mcu.externaltools.gnu-tools-for-stm32.10.3-2021.10.win32_1.0.200.202301161003/tools/bin/../lib/gcc/arm-none-eabi/10.3.1/thumb/v7e-m+fp/hard/crtend.o
LOAD c:/st/stm32cubeide_1.12.1/stm32cubeide/plugins/com.st.stm32cube.ide.mcu.externaltools.gnu-tools-for-stm32.10.3-2021.10.win32_1.0.200.202301161003/tools/bin/../lib/gcc/arm-none-eabi/10.3.1/thumb/v7e-m+fp/hard/crtn.o
                0x0000000020050000                _estack = (ORIGIN (RAM) + LENGTH (RAM))
                0x0000000000000200                _Min_Heap_Size = 0x200
                0x0000000000000400                _Min_Stack_Size = 0x400

.isr_vector     0x0000000008000000      0x1d8
                0x0000000008000000                . = ALIGN (0x4)
 *(.isr_vector)
 .isr_vector    0x0000000008000000      0x1d8 ./Core/Startup/startup_stm32f413cgux.o
                0x0000000008000000                g_pfnVectors
                0x00000000080001d8                . = ALIGN (0x4)

.text           0x00000000080001d8     0x4af0
                0x00000000080001d8                . = ALIGN (0x4)
 *(.text)
 .text          0x00000000080001d8       0x40 c:/st/stm32cubeide_1.12.1/stm32cubeide/plugins/com.st.stm32cube.ide.mcu.externaltools.gnu-tools-for-stm32.10.3-2021.10.win32_1.0.200.202301161003/tools/bin/../lib/gcc/arm-none-eabi/10.3.1/thumb/v7e-m+fp/hard/crtbegin.o
 .text          0x0000000008000218      0x378 c:/st/stm32cubeide_1.12.1/stm32cubeide/plugins/com.st.stm32cube.ide.mcu.externaltools.gnu-tools-for-stm32.10.3-2021.10.win32_1.0.200.202301161003/tools/bin/../lib/gcc/arm-none-eabi/10.3.1/thumb/v7e-m+fp/hard\libgcc.a(_arm_addsubdf3.o)
                0x0000000008000218                __aeabi_drsub
                0x0000000008000220                __aeabi_dsub
                0x0000000008000220                __subdf3
                0x0000000008000224                __aeabi_dadd
                0x0000000008000224                __adddf3
                0x000000000800049c                __floatunsidf
                0x000000000800049c                __aeabi_ui2d
                0x00000000080004bc                __floatsidf
                0x00000000080004bc                __aeabi_i2d
                0x00000000080004e0                __aeabi_f2d
                0x00000000080004e0                __extendsfdf2
                0x0000000008000524                __floatundidf
                0x0000000008000524                __aeabi_ul2d
                0x0000000008000534                __floatdidf
                0x0000000008000534                __aeabi_l2d
 .text          0x0000000008000590      0x424 c:/st/stm32cubeide_1.12.1/stm32cubeide/plugins/com.st.stm32cube.ide.mcu.externaltools.gnu-tools-for-stm32.10.3-2021.10.win32_1.0.200.202301161003/tools/bin/../lib/gcc/arm-none-eabi/10.3.1/thumb/v7e-m+fp/hard\libgcc.a(_arm_muldivdf3.o)
                0x0000000008000590                __aeabi_dmul
                0x0000000008000590                __muldf3
                0x00000000080007e4                __divdf3
                0x00000000080007e4                __aeabi_ddiv
 .text          0x00000000080009b4       0xa0 c:/st/stm32cubeide_1.12.1/stm32cubeide/plugins/com.st.stm32cube.ide.mcu.externaltools.gnu-tools-for-stm32.10.3-2021.10.win32_1.0.200.202301161003/tools/bin/../lib/gcc/arm-none-eabi/10.3.1/thumb/v7e-m+fp/hard\libgcc.a(_arm_truncdfsf2.o)
                0x00000000080009b4                __truncdfsf2
                0x00000000080009b4                __aeabi_d2f
 .text          0x0000000008000a54       0x30 c:/st/stm32cubeide_1.12.1/stm32cubeide/plugins/com.st.stm32cube.ide.mcu.externaltools.gnu-tools-for-stm32.10.3-2021.10.win32_1.0.200.202301161003/tools/bin/../lib/gcc/arm-none-eabi/10.3.1/thumb/v7e-m+fp/hard\libgcc.a(_aeabi_uldivmod.o)
                0x0000000008000a54                __aeabi_uldivmod
 .text          0x0000000008000a84      0x2d0 c:/st/stm32cubeide_1.12.1/stm32cubeide/plugins/com.st.stm32cube.ide.mcu.externaltools.gnu-tools-for-stm32.10.3-2021.10.win32_1.0.200.202301161003/tools/bin/../lib/gcc/arm-none-eabi/10.3.1/thumb/v7e-m+fp/hard\libgcc.a(_udivmoddi4.o)
                0x0000000008000a84                __udivmoddi4
 .text          0x0000000008000d54        0x4 c:/st/stm32cubeide_1.12.1/stm32cubeide/plugins/com.st.stm32cube.ide.mcu.externaltools.gnu-tools-for-stm32.10.3-2021.10.win32_1.0.200.202301161003/tools/bin/../lib/gcc/arm-none-eabi/10.3.1/thumb/v7e-m+fp/hard\libgcc.a(_dvmd_tls.o)
                0x0000000008000d54                __aeabi_idiv0
                0x0000000008000d54                __aeabi_ldiv0
 *(.text*)
 .text.main     0x0000000008000d58      0x410 ./Core/Src/main.o
                0x0000000008000d58                main
 .text.SystemClock_Config
                0x0000000008001168       0xd4 ./Core/Src/main.o
                0x0000000008001168                SystemClock_Config
 .text.MX_CAN1_Init
                0x000000000800123c       0x6c ./Core/Src/main.o
 .text.MX_SPI2_Init
                0x00000000080012a8       0x70 ./Core/Src/main.o
 .text.MX_TIM3_Init
                0x0000000008001318       0x9c ./Core/Src/main.o
 .text.MX_TIM6_Init
                0x00000000080013b4       0x68 ./Core/Src/main.o
 .text.MX_TIM7_Init
                0x000000000800141c       0x6c ./Core/Src/main.o
 .text.MX_GPIO_Init
                0x0000000008001488       0xf0 ./Core/Src/main.o
 .text.HAL_GPIO_EXTI_Callback
                0x0000000008001578       0x30 ./Core/Src/main.o
                0x0000000008001578                HAL_GPIO_EXTI_Callback
 .text.HAL_CAN_RxFifo0MsgPendingCallback
                0x00000000080015a8       0x28 ./Core/Src/main.o
                0x00000000080015a8                HAL_CAN_RxFifo0MsgPendingCallback
 .text.Cal_dt   0x00000000080015d0       0x34 ./Core/Src/main.o
                0x00000000080015d0                Cal_dt
 .text.HAL_TIM_PeriodElapsedCallback
                0x0000000008001604       0x60 ./Core/Src/main.o
                0x0000000008001604                HAL_TIM_PeriodElapsedCallback
 .text.Moving_avg
                0x0000000008001664       0x50 ./Core/Src/main.o
                0x0000000008001664                Moving_avg
 .text.Seperation_int_and_dec
                0x00000000080016b4       0x68 ./Core/Src/main.o
                0x00000000080016b4                Seperation_int_and_dec
 .text.Round_dw
                0x000000000800171c       0x68 ./Core/Src/main.o
                0x000000000800171c                Round_dw
 .text.E_ADC_SET
                0x0000000008001784       0x2c ./Core/Src/main.o
                0x0000000008001784                E_ADC_SET
 .text.E_ADC_CNV
                0x00000000080017b0       0xac ./Core/Src/main.o
                0x00000000080017b0                E_ADC_CNV
 .text.CAN_TX_Config
                0x000000000800185c       0x2c ./Core/Src/main.o
                0x000000000800185c                CAN_TX_Config
 .text.CAN_Filter_Config
                0x0000000008001888       0x4c ./Core/Src/main.o
                0x0000000008001888                CAN_Filter_Config
 .text.Error_Handler
                0x00000000080018d4        0xa ./Core/Src/main.o
                0x00000000080018d4                Error_Handler
 *fill*         0x00000000080018de        0x2 
 .text.HAL_MspInit
                0x00000000080018e0       0x50 ./Core/Src/stm32f4xx_hal_msp.o
                0x00000000080018e0                HAL_MspInit
 .text.HAL_CAN_MspInit
                0x0000000008001930       0xa0 ./Core/Src/stm32f4xx_hal_msp.o
                0x0000000008001930                HAL_CAN_MspInit
 .text.HAL_SPI_MspInit
                0x00000000080019d0       0x90 ./Core/Src/stm32f4xx_hal_msp.o
                0x00000000080019d0                HAL_SPI_MspInit
 .text.HAL_TIM_Base_MspInit
                0x0000000008001a60       0xc8 ./Core/Src/stm32f4xx_hal_msp.o
                0x0000000008001a60                HAL_TIM_Base_MspInit
 .text.NMI_Handler
                0x0000000008001b28        0x6 ./Core/Src/stm32f4xx_it.o
                0x0000000008001b28                NMI_Handler
 .text.HardFault_Handler
                0x0000000008001b2e        0x6 ./Core/Src/stm32f4xx_it.o
                0x0000000008001b2e                HardFault_Handler
 .text.MemManage_Handler
                0x0000000008001b34        0x6 ./Core/Src/stm32f4xx_it.o
                0x0000000008001b34                MemManage_Handler
 .text.BusFault_Handler
                0x0000000008001b3a        0x6 ./Core/Src/stm32f4xx_it.o
                0x0000000008001b3a                BusFault_Handler
 .text.UsageFault_Handler
                0x0000000008001b40        0x6 ./Core/Src/stm32f4xx_it.o
                0x0000000008001b40                UsageFault_Handler
 .text.SVC_Handler
                0x0000000008001b46        0xe ./Core/Src/stm32f4xx_it.o
                0x0000000008001b46                SVC_Handler
 .text.DebugMon_Handler
                0x0000000008001b54        0xe ./Core/Src/stm32f4xx_it.o
                0x0000000008001b54                DebugMon_Handler
 .text.PendSV_Handler
                0x0000000008001b62        0xe ./Core/Src/stm32f4xx_it.o
                0x0000000008001b62                PendSV_Handler
 .text.SysTick_Handler
                0x0000000008001b70        0xc ./Core/Src/stm32f4xx_it.o
                0x0000000008001b70                SysTick_Handler
 .text.CAN1_RX0_IRQHandler
                0x0000000008001b7c       0x14 ./Core/Src/stm32f4xx_it.o
                0x0000000008001b7c                CAN1_RX0_IRQHandler
 .text.TIM3_IRQHandler
                0x0000000008001b90       0x14 ./Core/Src/stm32f4xx_it.o
                0x0000000008001b90                TIM3_IRQHandler
 .text.EXTI15_10_IRQHandler
                0x0000000008001ba4       0x10 ./Core/Src/stm32f4xx_it.o
                0x0000000008001ba4                EXTI15_10_IRQHandler
 .text.TIM6_DAC_IRQHandler
                0x0000000008001bb4       0x14 ./Core/Src/stm32f4xx_it.o
                0x0000000008001bb4                TIM6_DAC_IRQHandler
 .text.TIM7_IRQHandler
                0x0000000008001bc8       0x14 ./Core/Src/stm32f4xx_it.o
                0x0000000008001bc8                TIM7_IRQHandler
 .text.SystemInit
                0x0000000008001bdc       0x24 ./Core/Src/system_stm32f4xx.o
                0x0000000008001bdc                SystemInit
 .text.Reset_Handler
                0x0000000008001c00       0x50 ./Core/Startup/startup_stm32f413cgux.o
                0x0000000008001c00                Reset_Handler
 .text.Default_Handler
                0x0000000008001c50        0x2 ./Core/Startup/startup_stm32f413cgux.o
                0x0000000008001c50                RTC_Alarm_IRQHandler
                0x0000000008001c50                EXTI2_IRQHandler
                0x0000000008001c50                TIM8_CC_IRQHandler
                0x0000000008001c50                UART8_IRQHandler
                0x0000000008001c50                FMPI2C1_EV_IRQHandler
                0x0000000008001c50                SPI4_IRQHandler
                0x0000000008001c50                TIM1_CC_IRQHandler
                0x0000000008001c50                DMA2_Stream5_IRQHandler
                0x0000000008001c50                DMA1_Stream5_IRQHandler
                0x0000000008001c50                CAN3_RX1_IRQHandler
                0x0000000008001c50                PVD_IRQHandler
                0x0000000008001c50                SDIO_IRQHandler
                0x0000000008001c50                TAMP_STAMP_IRQHandler
                0x0000000008001c50                CAN2_RX1_IRQHandler
                0x0000000008001c50                EXTI3_IRQHandler
                0x0000000008001c50                TIM8_TRG_COM_TIM14_IRQHandler
                0x0000000008001c50                DFSDM1_FLT1_IRQHandler
                0x0000000008001c50                TIM1_UP_TIM10_IRQHandler
                0x0000000008001c50                TIM8_UP_TIM13_IRQHandler
                0x0000000008001c50                I2C3_ER_IRQHandler
                0x0000000008001c50                EXTI0_IRQHandler
                0x0000000008001c50                I2C2_EV_IRQHandler
                0x0000000008001c50                DMA1_Stream2_IRQHandler
                0x0000000008001c50                FPU_IRQHandler
                0x0000000008001c50                CAN3_SCE_IRQHandler
                0x0000000008001c50                CAN2_SCE_IRQHandler
                0x0000000008001c50                DMA2_Stream2_IRQHandler
                0x0000000008001c50                SPI1_IRQHandler
                0x0000000008001c50                TIM1_BRK_TIM9_IRQHandler
                0x0000000008001c50                CAN2_RX0_IRQHandler
                0x0000000008001c50                DMA2_Stream3_IRQHandler
                0x0000000008001c50                USART6_IRQHandler
                0x0000000008001c50                CAN3_RX0_IRQHandler
                0x0000000008001c50                USART3_IRQHandler
                0x0000000008001c50                DFSDM2_FLT3_IRQHandler
                0x0000000008001c50                CAN1_RX1_IRQHandler
                0x0000000008001c50                UART5_IRQHandler
                0x0000000008001c50                DMA2_Stream0_IRQHandler
                0x0000000008001c50                TIM4_IRQHandler
                0x0000000008001c50                QUADSPI_IRQHandler
                0x0000000008001c50                I2C1_EV_IRQHandler
                0x0000000008001c50                DMA1_Stream6_IRQHandler
                0x0000000008001c50                DMA1_Stream1_IRQHandler
                0x0000000008001c50                UART4_IRQHandler
                0x0000000008001c50                RCC_IRQHandler
                0x0000000008001c50                UART9_IRQHandler
                0x0000000008001c50                TIM8_BRK_TIM12_IRQHandler
                0x0000000008001c50                Default_Handler
                0x0000000008001c50                ADC_IRQHandler
                0x0000000008001c50                DMA1_Stream7_IRQHandler
                0x0000000008001c50                DFSDM2_FLT0_IRQHandler
                0x0000000008001c50                SPI5_IRQHandler
                0x0000000008001c50                CAN2_TX_IRQHandler
                0x0000000008001c50                TIM5_IRQHandler
                0x0000000008001c50                DMA2_Stream7_IRQHandler
                0x0000000008001c50                I2C3_EV_IRQHandler
                0x0000000008001c50                DFSDM2_FLT2_IRQHandler
                0x0000000008001c50                EXTI9_5_IRQHandler
                0x0000000008001c50                RTC_WKUP_IRQHandler
                0x0000000008001c50                SPI2_IRQHandler
                0x0000000008001c50                DMA1_Stream0_IRQHandler
                0x0000000008001c50                CAN1_TX_IRQHandler
                0x0000000008001c50                FMPI2C1_ER_IRQHandler
                0x0000000008001c50                EXTI4_IRQHandler
                0x0000000008001c50                DFSDM2_FLT1_IRQHandler
                0x0000000008001c50                RNG_IRQHandler
                0x0000000008001c50                FSMC_IRQHandler
                0x0000000008001c50                WWDG_IRQHandler
                0x0000000008001c50                CAN3_TX_IRQHandler
                0x0000000008001c50                TIM2_IRQHandler
                0x0000000008001c50                OTG_FS_WKUP_IRQHandler
                0x0000000008001c50                TIM1_TRG_COM_TIM11_IRQHandler
                0x0000000008001c50                EXTI1_IRQHandler
                0x0000000008001c50                UART7_IRQHandler
                0x0000000008001c50                USART2_IRQHandler
                0x0000000008001c50                DFSDM1_FLT0_IRQHandler
                0x0000000008001c50                I2C2_ER_IRQHandler
                0x0000000008001c50                DMA2_Stream1_IRQHandler
                0x0000000008001c50                CAN1_SCE_IRQHandler
                0x0000000008001c50                FLASH_IRQHandler
                0x0000000008001c50                DMA2_Stream4_IRQHandler
                0x0000000008001c50                USART1_IRQHandler
                0x0000000008001c50                OTG_FS_IRQHandler
                0x0000000008001c50                SPI3_IRQHandler
                0x0000000008001c50                DMA1_Stream4_IRQHandler
                0x0000000008001c50                I2C1_ER_IRQHandler
                0x0000000008001c50                LPTIM1_IRQHandler
                0x0000000008001c50                DMA2_Stream6_IRQHandler
                0x0000000008001c50                UART10_IRQHandler
                0x0000000008001c50                SAI1_IRQHandler
                0x0000000008001c50                DMA1_Stream3_IRQHandler
 *fill*         0x0000000008001c52        0x2 
 .text.HAL_Init
                0x0000000008001c54       0x44 ./Drivers/STM32F4xx_HAL_Driver/Src/stm32f4xx_hal.o
                0x0000000008001c54                HAL_Init
 .text.HAL_InitTick
                0x0000000008001c98       0x60 ./Drivers/STM32F4xx_HAL_Driver/Src/stm32f4xx_hal.o
                0x0000000008001c98                HAL_InitTick
 .text.HAL_IncTick
                0x0000000008001cf8       0x28 ./Drivers/STM32F4xx_HAL_Driver/Src/stm32f4xx_hal.o
                0x0000000008001cf8                HAL_IncTick
 .text.HAL_GetTick
                0x0000000008001d20       0x18 ./Drivers/STM32F4xx_HAL_Driver/Src/stm32f4xx_hal.o
                0x0000000008001d20                HAL_GetTick
 .text.HAL_Delay
                0x0000000008001d38       0x48 ./Drivers/STM32F4xx_HAL_Driver/Src/stm32f4xx_hal.o
                0x0000000008001d38                HAL_Delay
 .text.HAL_CAN_Init
                0x0000000008001d80      0x1f6 ./Drivers/STM32F4xx_HAL_Driver/Src/stm32f4xx_hal_can.o
                0x0000000008001d80                HAL_CAN_Init
 *fill*         0x0000000008001f76        0x2 
 .text.HAL_CAN_ConfigFilter
                0x0000000008001f78      0x1d8 ./Drivers/STM32F4xx_HAL_Driver/Src/stm32f4xx_hal_can.o
                0x0000000008001f78                HAL_CAN_ConfigFilter
 .text.HAL_CAN_Start
                0x0000000008002150       0x88 ./Drivers/STM32F4xx_HAL_Driver/Src/stm32f4xx_hal_can.o
                0x0000000008002150                HAL_CAN_Start
 .text.HAL_CAN_AddTxMessage
                0x00000000080021d8      0x1b6 ./Drivers/STM32F4xx_HAL_Driver/Src/stm32f4xx_hal_can.o
                0x00000000080021d8                HAL_CAN_AddTxMessage
 .text.HAL_CAN_GetTxMailboxesFreeLevel
                0x000000000800238e       0x6a ./Drivers/STM32F4xx_HAL_Driver/Src/stm32f4xx_hal_can.o
                0x000000000800238e                HAL_CAN_GetTxMailboxesFreeLevel
 .text.HAL_CAN_GetRxMessage
                0x00000000080023f8      0x224 ./Drivers/STM32F4xx_HAL_Driver/Src/stm32f4xx_hal_can.o
                0x00000000080023f8                HAL_CAN_GetRxMessage
 .text.HAL_CAN_ActivateNotification
                0x000000000800261c       0x4c ./Drivers/STM32F4xx_HAL_Driver/Src/stm32f4xx_hal_can.o
                0x000000000800261c                HAL_CAN_ActivateNotification
 .text.HAL_CAN_IRQHandler
                0x0000000008002668      0x36e ./Drivers/STM32F4xx_HAL_Driver/Src/stm32f4xx_hal_can.o
                0x0000000008002668                HAL_CAN_IRQHandler
 .text.HAL_CAN_TxMailbox0CompleteCallback
                0x00000000080029d6       0x14 ./Drivers/STM32F4xx_HAL_Driver/Src/stm32f4xx_hal_can.o
                0x00000000080029d6                HAL_CAN_TxMailbox0CompleteCallback
 .text.HAL_CAN_TxMailbox1CompleteCallback
                0x00000000080029ea       0x14 ./Drivers/STM32F4xx_HAL_Driver/Src/stm32f4xx_hal_can.o
                0x00000000080029ea                HAL_CAN_TxMailbox1CompleteCallback
 .text.HAL_CAN_TxMailbox2CompleteCallback
                0x00000000080029fe       0x14 ./Drivers/STM32F4xx_HAL_Driver/Src/stm32f4xx_hal_can.o
                0x00000000080029fe                HAL_CAN_TxMailbox2CompleteCallback
 .text.HAL_CAN_TxMailbox0AbortCallback
                0x0000000008002a12       0x14 ./Drivers/STM32F4xx_HAL_Driver/Src/stm32f4xx_hal_can.o
                0x0000000008002a12                HAL_CAN_TxMailbox0AbortCallback
 .text.HAL_CAN_TxMailbox1AbortCallback
                0x0000000008002a26       0x14 ./Drivers/STM32F4xx_HAL_Driver/Src/stm32f4xx_hal_can.o
                0x0000000008002a26                HAL_CAN_TxMailbox1AbortCallback
 .text.HAL_CAN_TxMailbox2AbortCallback
                0x0000000008002a3a       0x14 ./Drivers/STM32F4xx_HAL_Driver/Src/stm32f4xx_hal_can.o
                0x0000000008002a3a                HAL_CAN_TxMailbox2AbortCallback
 .text.HAL_CAN_RxFifo0FullCallback
                0x0000000008002a4e       0x14 ./Drivers/STM32F4xx_HAL_Driver/Src/stm32f4xx_hal_can.o
                0x0000000008002a4e                HAL_CAN_RxFifo0FullCallback
 .text.HAL_CAN_RxFifo1MsgPendingCallback
                0x0000000008002a62       0x14 ./Drivers/STM32F4xx_HAL_Driver/Src/stm32f4xx_hal_can.o
                0x0000000008002a62                HAL_CAN_RxFifo1MsgPendingCallback
 .text.HAL_CAN_RxFifo1FullCallback
                0x0000000008002a76       0x14 ./Drivers/STM32F4xx_HAL_Driver/Src/stm32f4xx_hal_can.o
                0x0000000008002a76                HAL_CAN_RxFifo1FullCallback
 .text.HAL_CAN_SleepCallback
                0x0000000008002a8a       0x14 ./Drivers/STM32F4xx_HAL_Driver/Src/stm32f4xx_hal_can.o
                0x0000000008002a8a                HAL_CAN_SleepCallback
 .text.HAL_CAN_WakeUpFromRxMsgCallback
                0x0000000008002a9e       0x14 ./Drivers/STM32F4xx_HAL_Driver/Src/stm32f4xx_hal_can.o
                0x0000000008002a9e                HAL_CAN_WakeUpFromRxMsgCallback
 .text.HAL_CAN_ErrorCallback
                0x0000000008002ab2       0x14 ./Drivers/STM32F4xx_HAL_Driver/Src/stm32f4xx_hal_can.o
                0x0000000008002ab2                HAL_CAN_ErrorCallback
 *fill*         0x0000000008002ac6        0x2 
 .text.__NVIC_SetPriorityGrouping
                0x0000000008002ac8       0x48 ./Drivers/STM32F4xx_HAL_Driver/Src/stm32f4xx_hal_cortex.o
 .text.__NVIC_GetPriorityGrouping
                0x0000000008002b10       0x1c ./Drivers/STM32F4xx_HAL_Driver/Src/stm32f4xx_hal_cortex.o
 .text.__NVIC_EnableIRQ
                0x0000000008002b2c       0x3c ./Drivers/STM32F4xx_HAL_Driver/Src/stm32f4xx_hal_cortex.o
 .text.__NVIC_DisableIRQ
                0x0000000008002b68       0x48 ./Drivers/STM32F4xx_HAL_Driver/Src/stm32f4xx_hal_cortex.o
 .text.__NVIC_SetPriority
                0x0000000008002bb0       0x54 ./Drivers/STM32F4xx_HAL_Driver/Src/stm32f4xx_hal_cortex.o
 .text.NVIC_EncodePriority
                0x0000000008002c04       0x66 ./Drivers/STM32F4xx_HAL_Driver/Src/stm32f4xx_hal_cortex.o
 *fill*         0x0000000008002c6a        0x2 
 .text.SysTick_Config
                0x0000000008002c6c       0x44 ./Drivers/STM32F4xx_HAL_Driver/Src/stm32f4xx_hal_cortex.o
 .text.HAL_NVIC_SetPriorityGrouping
                0x0000000008002cb0       0x16 ./Drivers/STM32F4xx_HAL_Driver/Src/stm32f4xx_hal_cortex.o
                0x0000000008002cb0                HAL_NVIC_SetPriorityGrouping
 .text.HAL_NVIC_SetPriority
                0x0000000008002cc6       0x38 ./Drivers/STM32F4xx_HAL_Driver/Src/stm32f4xx_hal_cortex.o
                0x0000000008002cc6                HAL_NVIC_SetPriority
 .text.HAL_NVIC_EnableIRQ
                0x0000000008002cfe       0x1c ./Drivers/STM32F4xx_HAL_Driver/Src/stm32f4xx_hal_cortex.o
                0x0000000008002cfe                HAL_NVIC_EnableIRQ
 .text.HAL_NVIC_DisableIRQ
                0x0000000008002d1a       0x1c ./Drivers/STM32F4xx_HAL_Driver/Src/stm32f4xx_hal_cortex.o
                0x0000000008002d1a                HAL_NVIC_DisableIRQ
 .text.HAL_SYSTICK_Config
                0x0000000008002d36       0x18 ./Drivers/STM32F4xx_HAL_Driver/Src/stm32f4xx_hal_cortex.o
                0x0000000008002d36                HAL_SYSTICK_Config
 *fill*         0x0000000008002d4e        0x2 
 .text.HAL_GPIO_Init
                0x0000000008002d50      0x328 ./Drivers/STM32F4xx_HAL_Driver/Src/stm32f4xx_hal_gpio.o
                0x0000000008002d50                HAL_GPIO_Init
 .text.HAL_GPIO_WritePin
                0x0000000008003078       0x32 ./Drivers/STM32F4xx_HAL_Driver/Src/stm32f4xx_hal_gpio.o
                0x0000000008003078                HAL_GPIO_WritePin
 .text.HAL_GPIO_TogglePin
                0x00000000080030aa       0x34 ./Drivers/STM32F4xx_HAL_Driver/Src/stm32f4xx_hal_gpio.o
                0x00000000080030aa                HAL_GPIO_TogglePin
 *fill*         0x00000000080030de        0x2 
 .text.HAL_GPIO_EXTI_IRQHandler
                0x00000000080030e0       0x30 ./Drivers/STM32F4xx_HAL_Driver/Src/stm32f4xx_hal_gpio.o
                0x00000000080030e0                HAL_GPIO_EXTI_IRQHandler
 .text.HAL_RCC_ClockConfig
                0x0000000008003110      0x1cc ./Drivers/STM32F4xx_HAL_Driver/Src/stm32f4xx_hal_rcc.o
                0x0000000008003110                HAL_RCC_ClockConfig
 .text.HAL_RCC_GetSysClockFreq
                0x00000000080032dc      0x20c ./Drivers/STM32F4xx_HAL_Driver/Src/stm32f4xx_hal_rcc.o
                0x00000000080032dc                HAL_RCC_GetSysClockFreq
 .text.HAL_RCC_OscConfig
                0x00000000080034e8      0x508 ./Drivers/STM32F4xx_HAL_Driver/Src/stm32f4xx_hal_rcc_ex.o
                0x00000000080034e8                HAL_RCC_OscConfig
 .text.HAL_SPI_Init
                0x00000000080039f0      0x112 ./Drivers/STM32F4xx_HAL_Driver/Src/stm32f4xx_hal_spi.o
                0x00000000080039f0                HAL_SPI_Init
 .text.HAL_SPI_Receive
                0x0000000008003b02      0x222 ./Drivers/STM32F4xx_HAL_Driver/Src/stm32f4xx_hal_spi.o
                0x0000000008003b02                HAL_SPI_Receive
 .text.HAL_SPI_TransmitReceive
                0x0000000008003d24      0x344 ./Drivers/STM32F4xx_HAL_Driver/Src/stm32f4xx_hal_spi.o
                0x0000000008003d24                HAL_SPI_TransmitReceive
 .text.SPI_WaitFlagStateUntilTimeout
                0x0000000008004068      0x110 ./Drivers/STM32F4xx_HAL_Driver/Src/stm32f4xx_hal_spi.o
 .text.SPI_EndRxTransaction
                0x0000000008004178       0xca ./Drivers/STM32F4xx_HAL_Driver/Src/stm32f4xx_hal_spi.o
 *fill*         0x0000000008004242        0x2 
 .text.SPI_EndRxTxTransaction
                0x0000000008004244       0x84 ./Drivers/STM32F4xx_HAL_Driver/Src/stm32f4xx_hal_spi.o
 .text.HAL_TIM_Base_Init
                0x00000000080042c8       0x9e ./Drivers/STM32F4xx_HAL_Driver/Src/stm32f4xx_hal_tim.o
                0x00000000080042c8                HAL_TIM_Base_Init
 *fill*         0x0000000008004366        0x2 
 .text.HAL_TIM_Base_Start_IT
                0x0000000008004368       0xe0 ./Drivers/STM32F4xx_HAL_Driver/Src/stm32f4xx_hal_tim.o
                0x0000000008004368                HAL_TIM_Base_Start_IT
 .text.HAL_TIM_IRQHandler
                0x0000000008004448      0x210 ./Drivers/STM32F4xx_HAL_Driver/Src/stm32f4xx_hal_tim.o
                0x0000000008004448                HAL_TIM_IRQHandler
 .text.HAL_TIM_ConfigClockSource
                0x0000000008004658      0x18e ./Drivers/STM32F4xx_HAL_Driver/Src/stm32f4xx_hal_tim.o
                0x0000000008004658                HAL_TIM_ConfigClockSource
 .text.HAL_TIM_OC_DelayElapsedCallback
                0x00000000080047e6       0x14 ./Drivers/STM32F4xx_HAL_Driver/Src/stm32f4xx_hal_tim.o
                0x00000000080047e6                HAL_TIM_OC_DelayElapsedCallback
 .text.HAL_TIM_IC_CaptureCallback
                0x00000000080047fa       0x14 ./Drivers/STM32F4xx_HAL_Driver/Src/stm32f4xx_hal_tim.o
                0x00000000080047fa                HAL_TIM_IC_CaptureCallback
 .text.HAL_TIM_PWM_PulseFinishedCallback
                0x000000000800480e       0x14 ./Drivers/STM32F4xx_HAL_Driver/Src/stm32f4xx_hal_tim.o
                0x000000000800480e                HAL_TIM_PWM_PulseFinishedCallback
 .text.HAL_TIM_TriggerCallback
                0x0000000008004822       0x14 ./Drivers/STM32F4xx_HAL_Driver/Src/stm32f4xx_hal_tim.o
                0x0000000008004822                HAL_TIM_TriggerCallback
 *fill*         0x0000000008004836        0x2 
 .text.TIM_Base_SetConfig
                0x0000000008004838      0x140 ./Drivers/STM32F4xx_HAL_Driver/Src/stm32f4xx_hal_tim.o
                0x0000000008004838                TIM_Base_SetConfig
 .text.TIM_TI1_ConfigInputStage
                0x0000000008004978       0x5e ./Drivers/STM32F4xx_HAL_Driver/Src/stm32f4xx_hal_tim.o
 .text.TIM_TI2_ConfigInputStage
                0x00000000080049d6       0x60 ./Drivers/STM32F4xx_HAL_Driver/Src/stm32f4xx_hal_tim.o
 .text.TIM_ITRx_SetConfig
                0x0000000008004a36       0x36 ./Drivers/STM32F4xx_HAL_Driver/Src/stm32f4xx_hal_tim.o
 .text.TIM_ETR_SetConfig
                0x0000000008004a6c       0x40 ./Drivers/STM32F4xx_HAL_Driver/Src/stm32f4xx_hal_tim.o
                0x0000000008004a6c                TIM_ETR_SetConfig
 .text.HAL_TIMEx_MasterConfigSynchronization
                0x0000000008004aac       0xf8 ./Drivers/STM32F4xx_HAL_Driver/Src/stm32f4xx_hal_tim_ex.o
                0x0000000008004aac                HAL_TIMEx_MasterConfigSynchronization
 .text.HAL_TIMEx_CommutCallback
                0x0000000008004ba4       0x14 ./Drivers/STM32F4xx_HAL_Driver/Src/stm32f4xx_hal_tim_ex.o
                0x0000000008004ba4                HAL_TIMEx_CommutCallback
 .text.HAL_TIMEx_BreakCallback
                0x0000000008004bb8       0x14 ./Drivers/STM32F4xx_HAL_Driver/Src/stm32f4xx_hal_tim_ex.o
                0x0000000008004bb8                HAL_TIMEx_BreakCallback
 .text.__libc_init_array
                0x0000000008004bcc       0x48 c:/st/stm32cubeide_1.12.1/stm32cubeide/plugins/com.st.stm32cube.ide.mcu.externaltools.gnu-tools-for-stm32.10.3-2021.10.win32_1.0.200.202301161003/tools/bin/../lib/gcc/arm-none-eabi/10.3.1/../../../../arm-none-eabi/lib/thumb/v7e-m+fp/hard\libc_nano.a(lib_a-init.o)
                0x0000000008004bcc                __libc_init_array
 .text.memset   0x0000000008004c14       0x10 c:/st/stm32cubeide_1.12.1/stm32cubeide/plugins/com.st.stm32cube.ide.mcu.externaltools.gnu-tools-for-stm32.10.3-2021.10.win32_1.0.200.202301161003/tools/bin/../lib/gcc/arm-none-eabi/10.3.1/../../../../arm-none-eabi/lib/thumb/v7e-m+fp/hard\libc_nano.a(lib_a-memset.o)
                0x0000000008004c14                memset
 .text.round    0x0000000008004c24       0x8c c:/st/stm32cubeide_1.12.1/stm32cubeide/plugins/com.st.stm32cube.ide.mcu.externaltools.gnu-tools-for-stm32.10.3-2021.10.win32_1.0.200.202301161003/tools/bin/../lib/gcc/arm-none-eabi/10.3.1/../../../../arm-none-eabi/lib/thumb/v7e-m+fp/hard\libm.a(lib_a-s_round.o)
                0x0000000008004c24                round
 *(.glue_7)
 .glue_7        0x0000000008004cb0        0x0 linker stubs
 *(.glue_7t)
 .glue_7t       0x0000000008004cb0        0x0 linker stubs
 *(.eh_frame)
 .eh_frame      0x0000000008004cb0        0x0 c:/st/stm32cubeide_1.12.1/stm32cubeide/plugins/com.st.stm32cube.ide.mcu.externaltools.gnu-tools-for-stm32.10.3-2021.10.win32_1.0.200.202301161003/tools/bin/../lib/gcc/arm-none-eabi/10.3.1/thumb/v7e-m+fp/hard/crtbegin.o
 *(.init)
 .init          0x0000000008004cb0        0x4 c:/st/stm32cubeide_1.12.1/stm32cubeide/plugins/com.st.stm32cube.ide.mcu.externaltools.gnu-tools-for-stm32.10.3-2021.10.win32_1.0.200.202301161003/tools/bin/../lib/gcc/arm-none-eabi/10.3.1/thumb/v7e-m+fp/hard/crti.o
                0x0000000008004cb0                _init
 .init          0x0000000008004cb4        0x8 c:/st/stm32cubeide_1.12.1/stm32cubeide/plugins/com.st.stm32cube.ide.mcu.externaltools.gnu-tools-for-stm32.10.3-2021.10.win32_1.0.200.202301161003/tools/bin/../lib/gcc/arm-none-eabi/10.3.1/thumb/v7e-m+fp/hard/crtn.o
 *(.fini)
 .fini          0x0000000008004cbc        0x4 c:/st/stm32cubeide_1.12.1/stm32cubeide/plugins/com.st.stm32cube.ide.mcu.externaltools.gnu-tools-for-stm32.10.3-2021.10.win32_1.0.200.202301161003/tools/bin/../lib/gcc/arm-none-eabi/10.3.1/thumb/v7e-m+fp/hard/crti.o
                0x0000000008004cbc                _fini
 .fini          0x0000000008004cc0        0x8 c:/st/stm32cubeide_1.12.1/stm32cubeide/plugins/com.st.stm32cube.ide.mcu.externaltools.gnu-tools-for-stm32.10.3-2021.10.win32_1.0.200.202301161003/tools/bin/../lib/gcc/arm-none-eabi/10.3.1/thumb/v7e-m+fp/hard/crtn.o
                0x0000000008004cc8                . = ALIGN (0x4)
                0x0000000008004cc8                _etext = .

.vfp11_veneer   0x0000000008004cc8        0x0
 .vfp11_veneer  0x0000000008004cc8        0x0 linker stubs

.v4_bx          0x0000000008004cc8        0x0
 .v4_bx         0x0000000008004cc8        0x0 linker stubs

.iplt           0x0000000008004cc8        0x0
 .iplt          0x0000000008004cc8        0x0 c:/st/stm32cubeide_1.12.1/stm32cubeide/plugins/com.st.stm32cube.ide.mcu.externaltools.gnu-tools-for-stm32.10.3-2021.10.win32_1.0.200.202301161003/tools/bin/../lib/gcc/arm-none-eabi/10.3.1/thumb/v7e-m+fp/hard/crtbegin.o

.rodata         0x0000000008004cc8       0x10
                0x0000000008004cc8                . = ALIGN (0x4)
 *(.rodata)
 *(.rodata*)
 .rodata.AHBPrescTable
                0x0000000008004cc8       0x10 ./Core/Src/system_stm32f4xx.o
                0x0000000008004cc8                AHBPrescTable
                0x0000000008004cd8                . = ALIGN (0x4)

.ARM.extab      0x0000000008004cd8        0x0
                0x0000000008004cd8                . = ALIGN (0x4)
 *(.ARM.extab* .gnu.linkonce.armextab.*)
                0x0000000008004cd8                . = ALIGN (0x4)

.ARM            0x0000000008004cd8        0x8
                0x0000000008004cd8                . = ALIGN (0x4)
                0x0000000008004cd8                __exidx_start = .
 *(.ARM.exidx*)
 .ARM.exidx     0x0000000008004cd8        0x8 c:/st/stm32cubeide_1.12.1/stm32cubeide/plugins/com.st.stm32cube.ide.mcu.externaltools.gnu-tools-for-stm32.10.3-2021.10.win32_1.0.200.202301161003/tools/bin/../lib/gcc/arm-none-eabi/10.3.1/thumb/v7e-m+fp/hard\libgcc.a(_udivmoddi4.o)
                0x0000000008004ce0                __exidx_end = .
                0x0000000008004ce0                . = ALIGN (0x4)

.rel.dyn        0x0000000008004ce0        0x0
 .rel.iplt      0x0000000008004ce0        0x0 c:/st/stm32cubeide_1.12.1/stm32cubeide/plugins/com.st.stm32cube.ide.mcu.externaltools.gnu-tools-for-stm32.10.3-2021.10.win32_1.0.200.202301161003/tools/bin/../lib/gcc/arm-none-eabi/10.3.1/thumb/v7e-m+fp/hard/crtbegin.o

.preinit_array  0x0000000008004ce0        0x0
                0x0000000008004ce0                . = ALIGN (0x4)
                0x0000000008004ce0                PROVIDE (__preinit_array_start = .)
 *(.preinit_array*)
                0x0000000008004ce0                PROVIDE (__preinit_array_end = .)
                0x0000000008004ce0                . = ALIGN (0x4)

.init_array     0x0000000008004ce0        0x4
                0x0000000008004ce0                . = ALIGN (0x4)
                0x0000000008004ce0                PROVIDE (__init_array_start = .)
 *(SORT_BY_NAME(.init_array.*))
 *(.init_array*)
 .init_array    0x0000000008004ce0        0x4 c:/st/stm32cubeide_1.12.1/stm32cubeide/plugins/com.st.stm32cube.ide.mcu.externaltools.gnu-tools-for-stm32.10.3-2021.10.win32_1.0.200.202301161003/tools/bin/../lib/gcc/arm-none-eabi/10.3.1/thumb/v7e-m+fp/hard/crtbegin.o
                0x0000000008004ce4                PROVIDE (__init_array_end = .)
                0x0000000008004ce4                . = ALIGN (0x4)

.fini_array     0x0000000008004ce4        0x4
                0x0000000008004ce4                . = ALIGN (0x4)
                [!provide]                        PROVIDE (__fini_array_start = .)
 *(SORT_BY_NAME(.fini_array.*))
 *(.fini_array*)
 .fini_array    0x0000000008004ce4        0x4 c:/st/stm32cubeide_1.12.1/stm32cubeide/plugins/com.st.stm32cube.ide.mcu.externaltools.gnu-tools-for-stm32.10.3-2021.10.win32_1.0.200.202301161003/tools/bin/../lib/gcc/arm-none-eabi/10.3.1/thumb/v7e-m+fp/hard/crtbegin.o
                [!provide]                        PROVIDE (__fini_array_end = .)
                0x0000000008004ce8                . = ALIGN (0x4)
                0x0000000008004ce8                _sidata = LOADADDR (.data)

.data           0x0000000020000000       0x1c load address 0x0000000008004ce8
                0x0000000020000000                . = ALIGN (0x4)
                0x0000000020000000                _sdata = .
 *(.data)
 *(.data*)
 .data.delayCount
                0x0000000020000000        0x1 ./Core/Src/main.o
                0x0000000020000000                delayCount
 *fill*         0x0000000020000001        0x3 
 .data.SOC      0x0000000020000004        0x4 ./Core/Src/main.o
                0x0000000020000004                SOC
 .data.Rated_cap
                0x0000000020000008        0x4 ./Core/Src/main.o
                0x0000000020000008                Rated_cap
 .data.len      0x000000002000000c        0x1 ./Core/Src/main.o
                0x000000002000000c                len
 *fill*         0x000000002000000d        0x3 
 .data.SystemCoreClock
                0x0000000020000010        0x4 ./Core/Src/system_stm32f4xx.o
                0x0000000020000010                SystemCoreClock
 .data.uwTickPrio
                0x0000000020000014        0x4 ./Drivers/STM32F4xx_HAL_Driver/Src/stm32f4xx_hal.o
                0x0000000020000014                uwTickPrio
 .data.uwTickFreq
                0x0000000020000018        0x1 ./Drivers/STM32F4xx_HAL_Driver/Src/stm32f4xx_hal.o
                0x0000000020000018                uwTickFreq
 *(.RamFunc)
 *(.RamFunc*)
                0x000000002000001c                . = ALIGN (0x4)
 *fill*         0x0000000020000019        0x3 
                0x000000002000001c                _edata = .

.igot.plt       0x000000002000001c        0x0 load address 0x0000000008004d04
 .igot.plt      0x000000002000001c        0x0 c:/st/stm32cubeide_1.12.1/stm32cubeide/plugins/com.st.stm32cube.ide.mcu.externaltools.gnu-tools-for-stm32.10.3-2021.10.win32_1.0.200.202301161003/tools/bin/../lib/gcc/arm-none-eabi/10.3.1/thumb/v7e-m+fp/hard/crtbegin.o
                0x000000002000001c                . = ALIGN (0x4)

.bss            0x0000000020000020      0x624 load address 0x0000000008004d04
                0x0000000020000020                _sbss = .
                0x0000000020000020                __bss_start__ = _sbss
 *(.bss)
 .bss           0x0000000020000020       0x1c c:/st/stm32cubeide_1.12.1/stm32cubeide/plugins/com.st.stm32cube.ide.mcu.externaltools.gnu-tools-for-stm32.10.3-2021.10.win32_1.0.200.202301161003/tools/bin/../lib/gcc/arm-none-eabi/10.3.1/thumb/v7e-m+fp/hard/crtbegin.o
 *(.bss*)
 .bss.TxHeader  0x000000002000003c       0x18 ./Core/Src/main.o
                0x000000002000003c                TxHeader
 .bss.TxData    0x0000000020000054        0x8 ./Core/Src/main.o
                0x0000000020000054                TxData
 .bss.TxMailbox
                0x000000002000005c        0x4 ./Core/Src/main.o
                0x000000002000005c                TxMailbox
 .bss.RxHeader  0x0000000020000060       0x1c ./Core/Src/main.o
                0x0000000020000060                RxHeader
 .bss.RxData    0x000000002000007c        0x8 ./Core/Src/main.o
                0x000000002000007c                RxData
 .bss.CAN_Filter
                0x0000000020000084       0x28 ./Core/Src/main.o
                0x0000000020000084                CAN_Filter
 .bss.hcan1     0x00000000200000ac       0x28 ./Core/Src/main.o
                0x00000000200000ac                hcan1
 .bss.hspi2     0x00000000200000d4       0x58 ./Core/Src/main.o
                0x00000000200000d4                hspi2
 .bss.htim3     0x000000002000012c       0x48 ./Core/Src/main.o
                0x000000002000012c                htim3
 .bss.htim6     0x0000000020000174       0x48 ./Core/Src/main.o
                0x0000000020000174                htim6
 .bss.htim7     0x00000000200001bc       0x48 ./Core/Src/main.o
                0x00000000200001bc                htim7
 .bss.flag      0x0000000020000204        0x1 ./Core/Src/main.o
                0x0000000020000204                flag
 .bss.flag_CAN  0x0000000020000205        0x1 ./Core/Src/main.o
                0x0000000020000205                flag_CAN
 .bss.flag_cal  0x0000000020000206        0x1 ./Core/Src/main.o
                0x0000000020000206                flag_cal
 .bss.count     0x0000000020000207        0x1 ./Core/Src/main.o
                0x0000000020000207                count
 .bss.dt        0x0000000020000208        0x1 ./Core/Src/main.o
                0x0000000020000208                dt
 .bss.i         0x0000000020000209        0x1 ./Core/Src/main.o
                0x0000000020000209                i
 *fill*         0x000000002000020a        0x2 
 .bss.E_ADC_buffer
                0x000000002000020c        0x3 ./Core/Src/main.o
                0x000000002000020c                E_ADC_buffer
 *fill*         0x000000002000020f        0x1 
 .bss.time      0x0000000020000210        0x8 ./Core/Src/main.o
                0x0000000020000210                time
 .bss.ADC18_Data
                0x0000000020000218        0x4 ./Core/Src/main.o
                0x0000000020000218                ADC18_Data
 .bss.Sum       0x000000002000021c        0x4 ./Core/Src/main.o
                0x000000002000021c                Sum
 .bss.sample    0x0000000020000220      0x3e8 ./Core/Src/main.o
                0x0000000020000220                sample
 .bss.sample_data
                0x0000000020000608        0x4 ./Core/Src/main.o
                0x0000000020000608                sample_data
 .bss.Peak_Current
                0x000000002000060c        0x1 ./Core/Src/main.o
                0x000000002000060c                Peak_Current
 *fill*         0x000000002000060d        0x3 
 .bss.Current   0x0000000020000610        0x8 ./Core/Src/main.o
                0x0000000020000610                Current
 .bss.Colomb_count
                0x0000000020000618        0x8 ./Core/Src/main.o
                0x0000000020000618                Colomb_count
 .bss.val       0x0000000020000620       0x10 ./Core/Src/main.o
                0x0000000020000620                val
 .bss.integral_val
                0x0000000020000630        0x8 ./Core/Src/main.o
                0x0000000020000630                integral_val
 .bss.SOC_CAN   0x0000000020000638        0x2 ./Core/Src/main.o
                0x0000000020000638                SOC_CAN
 *fill*         0x000000002000063a        0x2 
 .bss.Current_CAN
                0x000000002000063c        0x2 ./Core/Src/main.o
                0x000000002000063c                Current_CAN
 *fill*         0x000000002000063e        0x2 
 .bss.uwTick    0x0000000020000640        0x4 ./Drivers/STM32F4xx_HAL_Driver/Src/stm32f4xx_hal.o
                0x0000000020000640                uwTick
 *(COMMON)
                0x0000000020000644                . = ALIGN (0x4)
                0x0000000020000644                _ebss = .
                0x0000000020000644                __bss_end__ = _ebss

._user_heap_stack
                0x0000000020000644      0x604 load address 0x0000000008004d04
                0x0000000020000648                . = ALIGN (0x8)
 *fill*         0x0000000020000644        0x4 
                [!provide]                        PROVIDE (end = .)
                0x0000000020000648                PROVIDE (_end = .)
                0x0000000020000848                . = (. + _Min_Heap_Size)
 *fill*         0x0000000020000648      0x200 
                0x0000000020000c48                . = (. + _Min_Stack_Size)
 *fill*         0x0000000020000848      0x400 
                0x0000000020000c48                . = ALIGN (0x8)

/DISCARD/
 libc.a(*)
 libm.a(*)
 libgcc.a(*)

.ARM.attributes
                0x0000000000000000       0x30
 *(.ARM.attributes)
 .ARM.attributes
                0x0000000000000000       0x1e c:/st/stm32cubeide_1.12.1/stm32cubeide/plugins/com.st.stm32cube.ide.mcu.externaltools.gnu-tools-for-stm32.10.3-2021.10.win32_1.0.200.202301161003/tools/bin/../lib/gcc/arm-none-eabi/10.3.1/thumb/v7e-m+fp/hard/crti.o
 .ARM.attributes
                0x000000000000001e       0x34 c:/st/stm32cubeide_1.12.1/stm32cubeide/plugins/com.st.stm32cube.ide.mcu.externaltools.gnu-tools-for-stm32.10.3-2021.10.win32_1.0.200.202301161003/tools/bin/../lib/gcc/arm-none-eabi/10.3.1/thumb/v7e-m+fp/hard/crtbegin.o
 .ARM.attributes
                0x0000000000000052       0x34 ./Core/Src/main.o
 .ARM.attributes
                0x0000000000000086       0x34 ./Core/Src/stm32f4xx_hal_msp.o
 .ARM.attributes
                0x00000000000000ba       0x34 ./Core/Src/stm32f4xx_it.o
 .ARM.attributes
                0x00000000000000ee       0x34 ./Core/Src/system_stm32f4xx.o
 .ARM.attributes
                0x0000000000000122       0x21 ./Core/Startup/startup_stm32f413cgux.o
 .ARM.attributes
                0x0000000000000143       0x34 ./Drivers/STM32F4xx_HAL_Driver/Src/stm32f4xx_hal.o
 .ARM.attributes
                0x0000000000000177       0x34 ./Drivers/STM32F4xx_HAL_Driver/Src/stm32f4xx_hal_can.o
 .ARM.attributes
                0x00000000000001ab       0x34 ./Drivers/STM32F4xx_HAL_Driver/Src/stm32f4xx_hal_cortex.o
 .ARM.attributes
                0x00000000000001df       0x34 ./Drivers/STM32F4xx_HAL_Driver/Src/stm32f4xx_hal_gpio.o
 .ARM.attributes
                0x0000000000000213       0x34 ./Drivers/STM32F4xx_HAL_Driver/Src/stm32f4xx_hal_rcc.o
 .ARM.attributes
                0x0000000000000247       0x34 ./Drivers/STM32F4xx_HAL_Driver/Src/stm32f4xx_hal_rcc_ex.o
 .ARM.attributes
                0x000000000000027b       0x34 ./Drivers/STM32F4xx_HAL_Driver/Src/stm32f4xx_hal_spi.o
 .ARM.attributes
                0x00000000000002af       0x34 ./Drivers/STM32F4xx_HAL_Driver/Src/stm32f4xx_hal_tim.o
 .ARM.attributes
                0x00000000000002e3       0x34 ./Drivers/STM32F4xx_HAL_Driver/Src/stm32f4xx_hal_tim_ex.o
 .ARM.attributes
                0x0000000000000317       0x34 c:/st/stm32cubeide_1.12.1/stm32cubeide/plugins/com.st.stm32cube.ide.mcu.externaltools.gnu-tools-for-stm32.10.3-2021.10.win32_1.0.200.202301161003/tools/bin/../lib/gcc/arm-none-eabi/10.3.1/../../../../arm-none-eabi/lib/thumb/v7e-m+fp/hard\libc_nano.a(lib_a-init.o)
 .ARM.attributes
                0x000000000000034b       0x34 c:/st/stm32cubeide_1.12.1/stm32cubeide/plugins/com.st.stm32cube.ide.mcu.externaltools.gnu-tools-for-stm32.10.3-2021.10.win32_1.0.200.202301161003/tools/bin/../lib/gcc/arm-none-eabi/10.3.1/../../../../arm-none-eabi/lib/thumb/v7e-m+fp/hard\libc_nano.a(lib_a-memset.o)
 .ARM.attributes
                0x000000000000037f       0x34 c:/st/stm32cubeide_1.12.1/stm32cubeide/plugins/com.st.stm32cube.ide.mcu.externaltools.gnu-tools-for-stm32.10.3-2021.10.win32_1.0.200.202301161003/tools/bin/../lib/gcc/arm-none-eabi/10.3.1/../../../../arm-none-eabi/lib/thumb/v7e-m+fp/hard\libm.a(lib_a-s_round.o)
 .ARM.attributes
                0x00000000000003b3       0x1e c:/st/stm32cubeide_1.12.1/stm32cubeide/plugins/com.st.stm32cube.ide.mcu.externaltools.gnu-tools-for-stm32.10.3-2021.10.win32_1.0.200.202301161003/tools/bin/../lib/gcc/arm-none-eabi/10.3.1/thumb/v7e-m+fp/hard\libgcc.a(_arm_addsubdf3.o)
 .ARM.attributes
                0x00000000000003d1       0x1e c:/st/stm32cubeide_1.12.1/stm32cubeide/plugins/com.st.stm32cube.ide.mcu.externaltools.gnu-tools-for-stm32.10.3-2021.10.win32_1.0.200.202301161003/tools/bin/../lib/gcc/arm-none-eabi/10.3.1/thumb/v7e-m+fp/hard\libgcc.a(_arm_muldivdf3.o)
 .ARM.attributes
                0x00000000000003ef       0x1e c:/st/stm32cubeide_1.12.1/stm32cubeide/plugins/com.st.stm32cube.ide.mcu.externaltools.gnu-tools-for-stm32.10.3-2021.10.win32_1.0.200.202301161003/tools/bin/../lib/gcc/arm-none-eabi/10.3.1/thumb/v7e-m+fp/hard\libgcc.a(_arm_truncdfsf2.o)
 .ARM.attributes
                0x000000000000040d       0x1e c:/st/stm32cubeide_1.12.1/stm32cubeide/plugins/com.st.stm32cube.ide.mcu.externaltools.gnu-tools-for-stm32.10.3-2021.10.win32_1.0.200.202301161003/tools/bin/../lib/gcc/arm-none-eabi/10.3.1/thumb/v7e-m+fp/hard\libgcc.a(_aeabi_uldivmod.o)
 .ARM.attributes
                0x000000000000042b       0x34 c:/st/stm32cubeide_1.12.1/stm32cubeide/plugins/com.st.stm32cube.ide.mcu.externaltools.gnu-tools-for-stm32.10.3-2021.10.win32_1.0.200.202301161003/tools/bin/../lib/gcc/arm-none-eabi/10.3.1/thumb/v7e-m+fp/hard\libgcc.a(_udivmoddi4.o)
 .ARM.attributes
                0x000000000000045f       0x1e c:/st/stm32cubeide_1.12.1/stm32cubeide/plugins/com.st.stm32cube.ide.mcu.externaltools.gnu-tools-for-stm32.10.3-2021.10.win32_1.0.200.202301161003/tools/bin/../lib/gcc/arm-none-eabi/10.3.1/thumb/v7e-m+fp/hard\libgcc.a(_dvmd_tls.o)
 .ARM.attributes
                0x000000000000047d       0x1e c:/st/stm32cubeide_1.12.1/stm32cubeide/plugins/com.st.stm32cube.ide.mcu.externaltools.gnu-tools-for-stm32.10.3-2021.10.win32_1.0.200.202301161003/tools/bin/../lib/gcc/arm-none-eabi/10.3.1/thumb/v7e-m+fp/hard/crtn.o
OUTPUT(SOC_SSA250.elf elf32-littlearm)
LOAD linker stubs
LOAD c:/st/stm32cubeide_1.12.1/stm32cubeide/plugins/com.st.stm32cube.ide.mcu.externaltools.gnu-tools-for-stm32.10.3-2021.10.win32_1.0.200.202301161003/tools/bin/../lib/gcc/arm-none-eabi/10.3.1/../../../../arm-none-eabi/lib/thumb/v7e-m+fp/hard\libc.a
LOAD c:/st/stm32cubeide_1.12.1/stm32cubeide/plugins/com.st.stm32cube.ide.mcu.externaltools.gnu-tools-for-stm32.10.3-2021.10.win32_1.0.200.202301161003/tools/bin/../lib/gcc/arm-none-eabi/10.3.1/../../../../arm-none-eabi/lib/thumb/v7e-m+fp/hard\libm.a
LOAD c:/st/stm32cubeide_1.12.1/stm32cubeide/plugins/com.st.stm32cube.ide.mcu.externaltools.gnu-tools-for-stm32.10.3-2021.10.win32_1.0.200.202301161003/tools/bin/../lib/gcc/arm-none-eabi/10.3.1/thumb/v7e-m+fp/hard\libgcc.a

.debug_info     0x0000000000000000     0xe516
 .debug_info    0x0000000000000000     0x20eb ./Core/Src/main.o
 .debug_info    0x00000000000020eb     0x1515 ./Core/Src/stm32f4xx_hal_msp.o
 .debug_info    0x0000000000003600      0xbc8 ./Core/Src/stm32f4xx_it.o
 .debug_info    0x00000000000041c8      0x55b ./Core/Src/system_stm32f4xx.o
 .debug_info    0x0000000000004723       0x22 ./Core/Startup/startup_stm32f413cgux.o
 .debug_info    0x0000000000004745      0xa02 ./Drivers/STM32F4xx_HAL_Driver/Src/stm32f4xx_hal.o
 .debug_info    0x0000000000005147      0xfc9 ./Drivers/STM32F4xx_HAL_Driver/Src/stm32f4xx_hal_can.o
 .debug_info    0x0000000000006110      0xe69 ./Drivers/STM32F4xx_HAL_Driver/Src/stm32f4xx_hal_cortex.o
 .debug_info    0x0000000000006f79      0x7da ./Drivers/STM32F4xx_HAL_Driver/Src/stm32f4xx_hal_gpio.o
 .debug_info    0x0000000000007753      0x9ab ./Drivers/STM32F4xx_HAL_Driver/Src/stm32f4xx_hal_rcc.o
 .debug_info    0x00000000000080fe      0x871 ./Drivers/STM32F4xx_HAL_Driver/Src/stm32f4xx_hal_rcc_ex.o
 .debug_info    0x000000000000896f     0x1758 ./Drivers/STM32F4xx_HAL_Driver/Src/stm32f4xx_hal_spi.o
 .debug_info    0x000000000000a0c7     0x2bbe ./Drivers/STM32F4xx_HAL_Driver/Src/stm32f4xx_hal_tim.o
 .debug_info    0x000000000000cc85     0x1891 ./Drivers/STM32F4xx_HAL_Driver/Src/stm32f4xx_hal_tim_ex.o

.debug_abbrev   0x0000000000000000     0x1dae
 .debug_abbrev  0x0000000000000000      0x38c ./Core/Src/main.o
 .debug_abbrev  0x000000000000038c      0x234 ./Core/Src/stm32f4xx_hal_msp.o
 .debug_abbrev  0x00000000000005c0      0x1f5 ./Core/Src/stm32f4xx_it.o
 .debug_abbrev  0x00000000000007b5      0x116 ./Core/Src/system_stm32f4xx.o
 .debug_abbrev  0x00000000000008cb       0x12 ./Core/Startup/startup_stm32f413cgux.o
 .debug_abbrev  0x00000000000008dd      0x20d ./Drivers/STM32F4xx_HAL_Driver/Src/stm32f4xx_hal.o
 .debug_abbrev  0x0000000000000aea      0x22e ./Drivers/STM32F4xx_HAL_Driver/Src/stm32f4xx_hal_can.o
 .debug_abbrev  0x0000000000000d18      0x316 ./Drivers/STM32F4xx_HAL_Driver/Src/stm32f4xx_hal_cortex.o
 .debug_abbrev  0x000000000000102e      0x1c4 ./Drivers/STM32F4xx_HAL_Driver/Src/stm32f4xx_hal_gpio.o
 .debug_abbrev  0x00000000000011f2      0x2aa ./Drivers/STM32F4xx_HAL_Driver/Src/stm32f4xx_hal_rcc.o
 .debug_abbrev  0x000000000000149c      0x1d9 ./Drivers/STM32F4xx_HAL_Driver/Src/stm32f4xx_hal_rcc_ex.o
 .debug_abbrev  0x0000000000001675      0x26e ./Drivers/STM32F4xx_HAL_Driver/Src/stm32f4xx_hal_spi.o
 .debug_abbrev  0x00000000000018e3      0x25d ./Drivers/STM32F4xx_HAL_Driver/Src/stm32f4xx_hal_tim.o
 .debug_abbrev  0x0000000000001b40      0x26e ./Drivers/STM32F4xx_HAL_Driver/Src/stm32f4xx_hal_tim_ex.o

.debug_aranges  0x0000000000000000      0xd80
 .debug_aranges
                0x0000000000000000       0xd0 ./Core/Src/main.o
 .debug_aranges
                0x00000000000000d0       0x50 ./Core/Src/stm32f4xx_hal_msp.o
 .debug_aranges
                0x0000000000000120       0x88 ./Core/Src/stm32f4xx_it.o
 .debug_aranges
                0x00000000000001a8       0x28 ./Core/Src/system_stm32f4xx.o
 .debug_aranges
                0x00000000000001d0       0x28 ./Core/Startup/startup_stm32f413cgux.o
 .debug_aranges
                0x00000000000001f8       0xf0 ./Drivers/STM32F4xx_HAL_Driver/Src/stm32f4xx_hal.o
 .debug_aranges
                0x00000000000002e8      0x138 ./Drivers/STM32F4xx_HAL_Driver/Src/stm32f4xx_hal_can.o
 .debug_aranges
                0x0000000000000420      0x118 ./Drivers/STM32F4xx_HAL_Driver/Src/stm32f4xx_hal_cortex.o
 .debug_aranges
                0x0000000000000538       0x58 ./Drivers/STM32F4xx_HAL_Driver/Src/stm32f4xx_hal_gpio.o
 .debug_aranges
                0x0000000000000590       0x88 ./Drivers/STM32F4xx_HAL_Driver/Src/stm32f4xx_hal_rcc.o
 .debug_aranges
                0x0000000000000618       0x60 ./Drivers/STM32F4xx_HAL_Driver/Src/stm32f4xx_hal_rcc_ex.o
 .debug_aranges
                0x0000000000000678      0x1d0 ./Drivers/STM32F4xx_HAL_Driver/Src/stm32f4xx_hal_spi.o
 .debug_aranges
                0x0000000000000848      0x3d0 ./Drivers/STM32F4xx_HAL_Driver/Src/stm32f4xx_hal_tim.o
 .debug_aranges
                0x0000000000000c18      0x168 ./Drivers/STM32F4xx_HAL_Driver/Src/stm32f4xx_hal_tim_ex.o

.debug_ranges   0x0000000000000000      0xca8
 .debug_ranges  0x0000000000000000       0xc0 ./Core/Src/main.o
 .debug_ranges  0x00000000000000c0       0x40 ./Core/Src/stm32f4xx_hal_msp.o
 .debug_ranges  0x0000000000000100       0x78 ./Core/Src/stm32f4xx_it.o
 .debug_ranges  0x0000000000000178       0x18 ./Core/Src/system_stm32f4xx.o
 .debug_ranges  0x0000000000000190       0x20 ./Core/Startup/startup_stm32f413cgux.o
 .debug_ranges  0x00000000000001b0       0xe0 ./Drivers/STM32F4xx_HAL_Driver/Src/stm32f4xx_hal.o
 .debug_ranges  0x0000000000000290      0x128 ./Drivers/STM32F4xx_HAL_Driver/Src/stm32f4xx_hal_can.o
 .debug_ranges  0x00000000000003b8      0x108 ./Drivers/STM32F4xx_HAL_Driver/Src/stm32f4xx_hal_cortex.o
 .debug_ranges  0x00000000000004c0       0x48 ./Drivers/STM32F4xx_HAL_Driver/Src/stm32f4xx_hal_gpio.o
 .debug_ranges  0x0000000000000508       0x78 ./Drivers/STM32F4xx_HAL_Driver/Src/stm32f4xx_hal_rcc.o
 .debug_ranges  0x0000000000000580       0x50 ./Drivers/STM32F4xx_HAL_Driver/Src/stm32f4xx_hal_rcc_ex.o
 .debug_ranges  0x00000000000005d0      0x1c0 ./Drivers/STM32F4xx_HAL_Driver/Src/stm32f4xx_hal_spi.o
 .debug_ranges  0x0000000000000790      0x3c0 ./Drivers/STM32F4xx_HAL_Driver/Src/stm32f4xx_hal_tim.o
 .debug_ranges  0x0000000000000b50      0x158 ./Drivers/STM32F4xx_HAL_Driver/Src/stm32f4xx_hal_tim_ex.o

.debug_macro    0x0000000000000000    0x212c1
 .debug_macro   0x0000000000000000      0x2cd ./Core/Src/main.o
 .debug_macro   0x00000000000002cd      0xa78 ./Core/Src/main.o
 .debug_macro   0x0000000000000d45      0x2a1 ./Core/Src/main.o
 .debug_macro   0x0000000000000fe6       0x2e ./Core/Src/main.o
 .debug_macro   0x0000000000001014       0x28 ./Core/Src/main.o
 .debug_macro   0x000000000000103c       0x22 ./Core/Src/main.o
 .debug_macro   0x000000000000105e       0x8e ./Core/Src/main.o
 .debug_macro   0x00000000000010ec       0x51 ./Core/Src/main.o
 .debug_macro   0x000000000000113d      0x103 ./Core/Src/main.o
 .debug_macro   0x0000000000001240       0x6a ./Core/Src/main.o
 .debug_macro   0x00000000000012aa      0x1df ./Core/Src/main.o
 .debug_macro   0x0000000000001489       0x1c ./Core/Src/main.o
 .debug_macro   0x00000000000014a5       0x22 ./Core/Src/main.o
 .debug_macro   0x00000000000014c7       0xd9 ./Core/Src/main.o
 .debug_macro   0x00000000000015a0     0x102d ./Core/Src/main.o
 .debug_macro   0x00000000000025cd      0x11f ./Core/Src/main.o
 .debug_macro   0x00000000000026ec    0x15a8b ./Core/Src/main.o
 .debug_macro   0x0000000000018177       0x6d ./Core/Src/main.o
 .debug_macro   0x00000000000181e4     0x367e ./Core/Src/main.o
 .debug_macro   0x000000000001b862      0x174 ./Core/Src/main.o
 .debug_macro   0x000000000001b9d6       0x5c ./Core/Src/main.o
 .debug_macro   0x000000000001ba32      0xcdd ./Core/Src/main.o
 .debug_macro   0x000000000001c70f      0x9fe ./Core/Src/main.o
 .debug_macro   0x000000000001d10d      0x115 ./Core/Src/main.o
 .debug_macro   0x000000000001d222      0x202 ./Core/Src/main.o
 .debug_macro   0x000000000001d424       0xa5 ./Core/Src/main.o
 .debug_macro   0x000000000001d4c9      0x173 ./Core/Src/main.o
 .debug_macro   0x000000000001d63c      0x2bf ./Core/Src/main.o
 .debug_macro   0x000000000001d8fb       0x5f ./Core/Src/main.o
 .debug_macro   0x000000000001d95a      0x236 ./Core/Src/main.o
 .debug_macro   0x000000000001db90      0x40f ./Core/Src/main.o
 .debug_macro   0x000000000001df9f      0x132 ./Core/Src/main.o
 .debug_macro   0x000000000001e0d1      0x30c ./Core/Src/main.o
 .debug_macro   0x000000000001e3dd       0x2e ./Core/Src/main.o
 .debug_macro   0x000000000001e40b      0x11a ./Core/Src/main.o
 .debug_macro   0x000000000001e525       0x91 ./Core/Src/main.o
 .debug_macro   0x000000000001e5b6       0x89 ./Core/Src/main.o
 .debug_macro   0x000000000001e63f      0x225 ./Core/Src/main.o
 .debug_macro   0x000000000001e864      0x8e6 ./Core/Src/main.o
 .debug_macro   0x000000000001f14a       0x71 ./Core/Src/main.o
 .debug_macro   0x000000000001f1bb      0x134 ./Core/Src/main.o
 .debug_macro   0x000000000001f2ef       0x1e ./Core/Src/main.o
 .debug_macro   0x000000000001f30d       0x52 ./Core/Src/main.o
 .debug_macro   0x000000000001f35f       0x3c ./Core/Src/main.o
 .debug_macro   0x000000000001f39b       0x34 ./Core/Src/main.o
 .debug_macro   0x000000000001f3cf       0x16 ./Core/Src/main.o
 .debug_macro   0x000000000001f3e5       0x35 ./Core/Src/main.o
 .debug_macro   0x000000000001f41a       0x16 ./Core/Src/main.o
 .debug_macro   0x000000000001f430       0x43 ./Core/Src/main.o
 .debug_macro   0x000000000001f473       0x34 ./Core/Src/main.o
 .debug_macro   0x000000000001f4a7       0x10 ./Core/Src/main.o
 .debug_macro   0x000000000001f4b7       0x58 ./Core/Src/main.o
 .debug_macro   0x000000000001f50f       0x71 ./Core/Src/main.o
 .debug_macro   0x000000000001f580       0x1c ./Core/Src/main.o
 .debug_macro   0x000000000001f59c      0x12a ./Core/Src/main.o
 .debug_macro   0x000000000001f6c6      0x341 ./Core/Src/main.o
 .debug_macro   0x000000000001fa07       0x16 ./Core/Src/main.o
 .debug_macro   0x000000000001fa1d       0x29 ./Core/Src/main.o
 .debug_macro   0x000000000001fa46      0x19b ./Core/Src/main.o
 .debug_macro   0x000000000001fbe1      0x1e2 ./Core/Src/stm32f4xx_hal_msp.o
 .debug_macro   0x000000000001fdc3      0x1ec ./Core/Src/stm32f4xx_it.o
 .debug_macro   0x000000000001ffaf      0x1d8 ./Core/Src/system_stm32f4xx.o
 .debug_macro   0x0000000000020187      0x238 ./Drivers/STM32F4xx_HAL_Driver/Src/stm32f4xx_hal.o
 .debug_macro   0x00000000000203bf      0x1e0 ./Drivers/STM32F4xx_HAL_Driver/Src/stm32f4xx_hal_can.o
 .debug_macro   0x000000000002059f      0x1d8 ./Drivers/STM32F4xx_HAL_Driver/Src/stm32f4xx_hal_cortex.o
 .debug_macro   0x0000000000020777      0x1de ./Drivers/STM32F4xx_HAL_Driver/Src/stm32f4xx_hal_gpio.o
 .debug_macro   0x0000000000020955      0x1fc ./Drivers/STM32F4xx_HAL_Driver/Src/stm32f4xx_hal_rcc.o
 .debug_macro   0x0000000000020b51      0x1d8 ./Drivers/STM32F4xx_HAL_Driver/Src/stm32f4xx_hal_rcc_ex.o
 .debug_macro   0x0000000000020d29      0x1e7 ./Drivers/STM32F4xx_HAL_Driver/Src/stm32f4xx_hal_spi.o
 .debug_macro   0x0000000000020f10      0x1d9 ./Drivers/STM32F4xx_HAL_Driver/Src/stm32f4xx_hal_tim.o
 .debug_macro   0x00000000000210e9      0x1d8 ./Drivers/STM32F4xx_HAL_Driver/Src/stm32f4xx_hal_tim_ex.o

.debug_line     0x0000000000000000     0xe32a
 .debug_line    0x0000000000000000      0xe08 ./Core/Src/main.o
 .debug_line    0x0000000000000e08      0x7f7 ./Core/Src/stm32f4xx_hal_msp.o
 .debug_line    0x00000000000015ff      0x814 ./Core/Src/stm32f4xx_it.o
 .debug_line    0x0000000000001e13      0x75b ./Core/Src/system_stm32f4xx.o
 .debug_line    0x000000000000256e       0x88 ./Core/Startup/startup_stm32f413cgux.o
 .debug_line    0x00000000000025f6      0x9c1 ./Drivers/STM32F4xx_HAL_Driver/Src/stm32f4xx_hal.o
 .debug_line    0x0000000000002fb7     0x113a ./Drivers/STM32F4xx_HAL_Driver/Src/stm32f4xx_hal_can.o
 .debug_line    0x00000000000040f1      0xc70 ./Drivers/STM32F4xx_HAL_Driver/Src/stm32f4xx_hal_cortex.o
 .debug_line    0x0000000000004d61      0xb21 ./Drivers/STM32F4xx_HAL_Driver/Src/stm32f4xx_hal_gpio.o
 .debug_line    0x0000000000005882      0xd49 ./Drivers/STM32F4xx_HAL_Driver/Src/stm32f4xx_hal_rcc.o
 .debug_line    0x00000000000065cb     0x109b ./Drivers/STM32F4xx_HAL_Driver/Src/stm32f4xx_hal_rcc_ex.o
 .debug_line    0x0000000000007666     0x1c4b ./Drivers/STM32F4xx_HAL_Driver/Src/stm32f4xx_hal_spi.o
 .debug_line    0x00000000000092b1     0x36b5 ./Drivers/STM32F4xx_HAL_Driver/Src/stm32f4xx_hal_tim.o
 .debug_line    0x000000000000c966     0x19c4 ./Drivers/STM32F4xx_HAL_Driver/Src/stm32f4xx_hal_tim_ex.o

.debug_str      0x0000000000000000    0xcf5cf
 .debug_str     0x0000000000000000    0xcc854 ./Core/Src/main.o
                                      0xcccbb (size before relaxing)
 .debug_str     0x00000000000cc854       0xbb ./Core/Src/stm32f4xx_hal_msp.o
                                      0xc8e81 (size before relaxing)
 .debug_str     0x00000000000cc90f      0x165 ./Core/Src/stm32f4xx_it.o
                                      0xc8609 (size before relaxing)
 .debug_str     0x00000000000cca74       0xdb ./Core/Src/system_stm32f4xx.o
                                      0xc7eed (size before relaxing)
 .debug_str     0x00000000000ccb4f       0x36 ./Core/Startup/startup_stm32f413cgux.o
                                         0x74 (size before relaxing)
 .debug_str     0x00000000000ccb85      0x5f7 ./Drivers/STM32F4xx_HAL_Driver/Src/stm32f4xx_hal.o
                                      0xc8b23 (size before relaxing)
 .debug_str     0x00000000000cd17c      0x3a4 ./Drivers/STM32F4xx_HAL_Driver/Src/stm32f4xx_hal_can.o
                                      0xc85b5 (size before relaxing)
 .debug_str     0x00000000000cd520      0x32d ./Drivers/STM32F4xx_HAL_Driver/Src/stm32f4xx_hal_cortex.o
                                      0xc8832 (size before relaxing)
 .debug_str     0x00000000000cd84d       0xde ./Drivers/STM32F4xx_HAL_Driver/Src/stm32f4xx_hal_gpio.o
                                      0xc8077 (size before relaxing)
 .debug_str     0x00000000000cd92b      0x233 ./Drivers/STM32F4xx_HAL_Driver/Src/stm32f4xx_hal_rcc.o
                                      0xc8326 (size before relaxing)
 .debug_str     0x00000000000cdb5e      0x2ba ./Drivers/STM32F4xx_HAL_Driver/Src/stm32f4xx_hal_rcc_ex.o
                                      0xc82ab (size before relaxing)
 .debug_str     0x00000000000cde18      0x56e ./Drivers/STM32F4xx_HAL_Driver/Src/stm32f4xx_hal_spi.o
                                      0xc878d (size before relaxing)
 .debug_str     0x00000000000ce386      0xda8 ./Drivers/STM32F4xx_HAL_Driver/Src/stm32f4xx_hal_tim.o
                                      0xc9243 (size before relaxing)
 .debug_str     0x00000000000cf12e      0x4a1 ./Drivers/STM32F4xx_HAL_Driver/Src/stm32f4xx_hal_tim_ex.o
                                      0xc8b94 (size before relaxing)

.comment        0x0000000000000000       0x50
 .comment       0x0000000000000000       0x50 ./Core/Src/main.o
                                         0x51 (size before relaxing)
 .comment       0x0000000000000050       0x51 ./Core/Src/stm32f4xx_hal_msp.o
 .comment       0x0000000000000050       0x51 ./Core/Src/stm32f4xx_it.o
 .comment       0x0000000000000050       0x51 ./Core/Src/system_stm32f4xx.o
 .comment       0x0000000000000050       0x51 ./Drivers/STM32F4xx_HAL_Driver/Src/stm32f4xx_hal.o
 .comment       0x0000000000000050       0x51 ./Drivers/STM32F4xx_HAL_Driver/Src/stm32f4xx_hal_can.o
 .comment       0x0000000000000050       0x51 ./Drivers/STM32F4xx_HAL_Driver/Src/stm32f4xx_hal_cortex.o
 .comment       0x0000000000000050       0x51 ./Drivers/STM32F4xx_HAL_Driver/Src/stm32f4xx_hal_gpio.o
 .comment       0x0000000000000050       0x51 ./Drivers/STM32F4xx_HAL_Driver/Src/stm32f4xx_hal_rcc.o
 .comment       0x0000000000000050       0x51 ./Drivers/STM32F4xx_HAL_Driver/Src/stm32f4xx_hal_rcc_ex.o
 .comment       0x0000000000000050       0x51 ./Drivers/STM32F4xx_HAL_Driver/Src/stm32f4xx_hal_spi.o
 .comment       0x0000000000000050       0x51 ./Drivers/STM32F4xx_HAL_Driver/Src/stm32f4xx_hal_tim.o
 .comment       0x0000000000000050       0x51 ./Drivers/STM32F4xx_HAL_Driver/Src/stm32f4xx_hal_tim_ex.o

.debug_frame    0x0000000000000000     0x3a90
 .debug_frame   0x0000000000000000      0x328 ./Core/Src/main.o
 .debug_frame   0x0000000000000328      0x110 ./Core/Src/stm32f4xx_hal_msp.o
 .debug_frame   0x0000000000000438      0x190 ./Core/Src/stm32f4xx_it.o
 .debug_frame   0x00000000000005c8       0x58 ./Core/Src/system_stm32f4xx.o
 .debug_frame   0x0000000000000620      0x374 ./Drivers/STM32F4xx_HAL_Driver/Src/stm32f4xx_hal.o
 .debug_frame   0x0000000000000994      0x5a0 ./Drivers/STM32F4xx_HAL_Driver/Src/stm32f4xx_hal_can.o
 .debug_frame   0x0000000000000f34      0x498 ./Drivers/STM32F4xx_HAL_Driver/Src/stm32f4xx_hal_cortex.o
 .debug_frame   0x00000000000013cc      0x14c ./Drivers/STM32F4xx_HAL_Driver/Src/stm32f4xx_hal_gpio.o
 .debug_frame   0x0000000000001518      0x1f4 ./Drivers/STM32F4xx_HAL_Driver/Src/stm32f4xx_hal_rcc.o
 .debug_frame   0x000000000000170c      0x16c ./Drivers/STM32F4xx_HAL_Driver/Src/stm32f4xx_hal_rcc_ex.o
 .debug_frame   0x0000000000001878      0x824 ./Drivers/STM32F4xx_HAL_Driver/Src/stm32f4xx_hal_spi.o
 .debug_frame   0x000000000000209c     0x11c4 ./Drivers/STM32F4xx_HAL_Driver/Src/stm32f4xx_hal_tim.o
 .debug_frame   0x0000000000003260      0x638 ./Drivers/STM32F4xx_HAL_Driver/Src/stm32f4xx_hal_tim_ex.o
 .debug_frame   0x0000000000003898       0x2c c:/st/stm32cubeide_1.12.1/stm32cubeide/plugins/com.st.stm32cube.ide.mcu.externaltools.gnu-tools-for-stm32.10.3-2021.10.win32_1.0.200.202301161003/tools/bin/../lib/gcc/arm-none-eabi/10.3.1/../../../../arm-none-eabi/lib/thumb/v7e-m+fp/hard\libc_nano.a(lib_a-init.o)
 .debug_frame   0x00000000000038c4       0x20 c:/st/stm32cubeide_1.12.1/stm32cubeide/plugins/com.st.stm32cube.ide.mcu.externaltools.gnu-tools-for-stm32.10.3-2021.10.win32_1.0.200.202301161003/tools/bin/../lib/gcc/arm-none-eabi/10.3.1/../../../../arm-none-eabi/lib/thumb/v7e-m+fp/hard\libc_nano.a(lib_a-memset.o)
 .debug_frame   0x00000000000038e4       0x2c c:/st/stm32cubeide_1.12.1/stm32cubeide/plugins/com.st.stm32cube.ide.mcu.externaltools.gnu-tools-for-stm32.10.3-2021.10.win32_1.0.200.202301161003/tools/bin/../lib/gcc/arm-none-eabi/10.3.1/../../../../arm-none-eabi/lib/thumb/v7e-m+fp/hard\libm.a(lib_a-s_round.o)
 .debug_frame   0x0000000000003910       0xac c:/st/stm32cubeide_1.12.1/stm32cubeide/plugins/com.st.stm32cube.ide.mcu.externaltools.gnu-tools-for-stm32.10.3-2021.10.win32_1.0.200.202301161003/tools/bin/../lib/gcc/arm-none-eabi/10.3.1/thumb/v7e-m+fp/hard\libgcc.a(_arm_addsubdf3.o)
 .debug_frame   0x00000000000039bc       0x50 c:/st/stm32cubeide_1.12.1/stm32cubeide/plugins/com.st.stm32cube.ide.mcu.externaltools.gnu-tools-for-stm32.10.3-2021.10.win32_1.0.200.202301161003/tools/bin/../lib/gcc/arm-none-eabi/10.3.1/thumb/v7e-m+fp/hard\libgcc.a(_arm_muldivdf3.o)
 .debug_frame   0x0000000000003a0c       0x24 c:/st/stm32cubeide_1.12.1/stm32cubeide/plugins/com.st.stm32cube.ide.mcu.externaltools.gnu-tools-for-stm32.10.3-2021.10.win32_1.0.200.202301161003/tools/bin/../lib/gcc/arm-none-eabi/10.3.1/thumb/v7e-m+fp/hard\libgcc.a(_arm_truncdfsf2.o)
 .debug_frame   0x0000000000003a30       0x2c c:/st/stm32cubeide_1.12.1/stm32cubeide/plugins/com.st.stm32cube.ide.mcu.externaltools.gnu-tools-for-stm32.10.3-2021.10.win32_1.0.200.202301161003/tools/bin/../lib/gcc/arm-none-eabi/10.3.1/thumb/v7e-m+fp/hard\libgcc.a(_aeabi_uldivmod.o)
 .debug_frame   0x0000000000003a5c       0x34 c:/st/stm32cubeide_1.12.1/stm32cubeide/plugins/com.st.stm32cube.ide.mcu.externaltools.gnu-tools-for-stm32.10.3-2021.10.win32_1.0.200.202301161003/tools/bin/../lib/gcc/arm-none-eabi/10.3.1/thumb/v7e-m+fp/hard\libgcc.a(_udivmoddi4.o)
