../Core/Src/main.c:116:5:main	32	static
../Core/Src/main.c:243:6:SystemClock_Config	88	static
../Core/Src/main.c:290:13:MX_CAN1_Init	8	static
../Core/Src/main.c:327:13:MX_SPI2_Init	8	static
../Core/Src/main.c:365:13:MX_TIM3_Init	32	static
../Core/Src/main.c:410:13:MX_TIM6_Init	16	static
../Core/Src/main.c:448:13:MX_TIM7_Init	16	static
../Core/Src/main.c:486:13:MX_GPIO_Init	48	static
../Core/Src/main.c:523:6:HAL_GPIO_EXTI_Callback	16	static
../Core/Src/main.c:529:6:HAL_CAN_RxFifo0MsgPendingCallback	16	static
../Core/Src/main.c:534:10:Cal_dt	24	static
../Core/Src/main.c:542:6:HAL_TIM_PeriodElapsedCallback	16	static
../Core/Src/main.c:549:10:Moving_avg	24	static
../Core/Src/main.c:556:6:Seperation_int_and_dec	24	static
../Core/Src/main.c:562:7:Sel_ADC_Ch	32	static
../Core/Src/main.c:584:8:Round_dw	24	static
../Core/Src/main.c:590:6:E_ADC_SET	8	static
../Core/Src/main.c:596:6:E_ADC_CNV	24	static
../Core/Src/main.c:611:6:E_ADC_S_D	32	static
../Core/Src/main.c:629:6:E_ADC_W_U	8	static
../Core/Src/main.c:639:6:CAN_TX_Config	4	static
../Core/Src/main.c:647:6:CAN_Filter_Config	4	static
../Core/Src/main.c:666:6:Error_Handler	4	static,ignoring_inline_asm
